// Jest Snapshot v1, https://goo.gl/fbAQLP

exports[`Renders Dragons Page 1`] = `
<div
  className="dragon-c"
/>
`;
