// Jest Snapshot v1, https://goo.gl/fbAQLP

exports[`Renders Rocket Page 1`] = `
<div
  className="rocket-c"
/>
`;
